
> coredent-pms@1.0.0 build:prod
> vite build --mode production

[36mvite v6.4.3 [32mbuilding for production...[36m[39m
transforming...
Browserslist: browsers data (caniuse-lite) is 6 months old. Please run:
  npx update-browserslist-db@latest
  Why you should do it regularly: https://github.com/browserslist/update-db#readme
[32m✓[39m 3976 modules transformed.
rendering chunks...
computing gzip size...
[2mdist/[22m[32mregisterSW.js                            [39m[1m[2m  0.13 kB[22m[1m[22m
[2mdist/[22m[32mmanifest.webmanifest                     [39m[1m[2m  0.41 kB[22m[1m[22m
[2mdist/[22m[32mindex.html                               [39m[1m[2m  1.77 kB[22m[1m[22m[2m │ gzip:   0.78 kB[22m
[2mdist/[22m[35massets/index-DaB4e85y.css                [39m[1m[2m112.44 kB[22m[1m[22m[2m │ gzip:  18.32 kB[22m
[2mdist/[22m[36massets/subDays-D8lAArzq.js               [39m[1m[2m  0.09 kB[22m[1m[22m[2m │ gzip:   0.10 kB[22m
[2mdist/[22m[36massets/startOfMonth-4AaCEmtU.js          [39m[1m[2m  0.13 kB[22m[1m[22m[2m │ gzip:   0.13 kB[22m
[2mdist/[22m[36massets/compareAsc-DRjmURrI.js            [39m[1m[2m  0.14 kB[22m[1m[22m[2m │ gzip:   0.14 kB[22m
[2mdist/[22m[36massets/addDays-CMtNNm11.js               [39m[1m[2m  0.15 kB[22m[1m[22m[2m │ gzip:   0.15 kB[22m
[2mdist/[22m[36massets/skeleton-BHBwmJhZ.js              [39m[1m[2m  0.21 kB[22m[1m[22m[2m │ gzip:   0.18 kB[22m
[2mdist/[22m[36massets/apiResponse-CV03L-9j.js           [39m[1m[2m  0.22 kB[22m[1m[22m[2m │ gzip:   0.16 kB[22m
[2mdist/[22m[36massets/endOfMonth-BJ_Fknaa.js            [39m[1m[2m  0.29 kB[22m[1m[22m[2m │ gzip:   0.20 kB[22m
[2mdist/[22m[36massets/chevron-left-Tjiqv2VI.js          [39m[1m[2m  0.29 kB[22m[1m[22m[2m │ gzip:   0.24 kB[22m
[2mdist/[22m[36massets/chevron-right-DeawzgPS.js         [39m[1m[2m  0.29 kB[22m[1m[22m[2m │ gzip:   0.24 kB[22m
[2mdist/[22m[36massets/plus-DCaomEkl.js                  [39m[1m[2m  0.32 kB[22m[1m[22m[2m │ gzip:   0.25 kB[22m
[2mdist/[22m[36massets/arrow-left-CX1SXCFx.js            [39m[1m[2m  0.33 kB[22m[1m[22m[2m │ gzip:   0.26 kB[22m
[2mdist/[22m[36massets/arrow-right-ThN8-HOa.js           [39m[1m[2m  0.33 kB[22m[1m[22m[2m │ gzip:   0.26 kB[22m
[2mdist/[22m[36massets/search-D6HTmRvt.js                [39m[1m[2m  0.34 kB[22m[1m[22m[2m │ gzip:   0.27 kB[22m
[2mdist/[22m[36massets/circle-check-B1LAayGU.js          [39m[1m[2m  0.35 kB[22m[1m[22m[2m │ gzip:   0.27 kB[22m
[2mdist/[22m[36massets/clock-F7iCj7V2.js                 [39m[1m[2m  0.35 kB[22m[1m[22m[2m │ gzip:   0.27 kB[22m
[2mdist/[22m[36massets/circle-check-big-BMIEWt44.js      [39m[1m[2m  0.36 kB[22m[1m[22m[2m │ gzip:   0.28 kB[22m
[2mdist/[22m[36massets/user-B4xadU17.js                  [39m[1m[2m  0.36 kB[22m[1m[22m[2m │ gzip:   0.28 kB[22m
[2mdist/[22m[36massets/trending-up-CQtWXwAD.js           [39m[1m[2m  0.37 kB[22m[1m[22m[2m │ gzip:   0.28 kB[22m
[2mdist/[22m[36massets/lock-BXYnGfNP.js                  [39m[1m[2m  0.37 kB[22m[1m[22m[2m │ gzip:   0.29 kB[22m
[2mdist/[22m[36massets/circle-x-XBe-WpRQ.js              [39m[1m[2m  0.37 kB[22m[1m[22m[2m │ gzip:   0.28 kB[22m
[2mdist/[22m[36massets/credit-card-BkKwJmk2.js           [39m[1m[2m  0.37 kB[22m[1m[22m[2m │ gzip:   0.29 kB[22m
[2mdist/[22m[36massets/mail-CK8RuRMr.js                  [39m[1m[2m  0.38 kB[22m[1m[22m[2m │ gzip:   0.30 kB[22m
[2mdist/[22m[36massets/pill-vCTz3asZ.js                  [39m[1m[2m  0.38 kB[22m[1m[22m[2m │ gzip:   0.28 kB[22m
[2mdist/[22m[36massets/dollar-sign-BclrMgot.js           [39m[1m[2m  0.38 kB[22m[1m[22m[2m │ gzip:   0.29 kB[22m
[2mdist/[22m[36massets/ellipsis-CDdNY1-g.js              [39m[1m[2m  0.40 kB[22m[1m[22m[2m │ gzip:   0.27 kB[22m
[2mdist/[22m[36massets/activity-eZ5NWo2U.js              [39m[1m[2m  0.40 kB[22m[1m[22m[2m │ gzip:   0.30 kB[22m
[2mdist/[22m[36massets/circle-alert-B30FOAke.js          [39m[1m[2m  0.41 kB[22m[1m[22m[2m │ gzip:   0.29 kB[22m
[2mdist/[22m[36massets/heart-CVIuBYx-.js                 [39m[1m[2m  0.41 kB[22m[1m[22m[2m │ gzip:   0.31 kB[22m
[2mdist/[22m[36massets/calendar-Dx1aPCPp.js              [39m[1m[2m  0.42 kB[22m[1m[22m[2m │ gzip:   0.30 kB[22m
[2mdist/[22m[36massets/upload-C6RLjSE_.js                [39m[1m[2m  0.42 kB[22m[1m[22m[2m │ gzip:   0.32 kB[22m
[2mdist/[22m[36massets/eye-DODUcHDH.js                   [39m[1m[2m  0.43 kB[22m[1m[22m[2m │ gzip:   0.30 kB[22m
[2mdist/[22m[36massets/map-pin-BstyU0Vp.js               [39m[1m[2m  0.43 kB[22m[1m[22m[2m │ gzip:   0.32 kB[22m
[2mdist/[22m[36massets/zap-CN92ODhw.js                   [39m[1m[2m  0.43 kB[22m[1m[22m[2m │ gzip:   0.31 kB[22m
[2mdist/[22m[36massets/image-BPWR0AJJ.js                 [39m[1m[2m  0.43 kB[22m[1m[22m[2m │ gzip:   0.32 kB[22m
[2mdist/[22m[36massets/shield-DQFQySte.js                [39m[1m[2m  0.44 kB[22m[1m[22m[2m │ gzip:   0.33 kB[22m
[2mdist/[22m[36massets/pen-line-D5vQMHGM.js              [39m[1m[2m  0.44 kB[22m[1m[22m[2m │ gzip:   0.32 kB[22m
[2mdist/[22m[36massets/pencil-BwBDHZkb.js                [39m[1m[2m  0.45 kB[22m[1m[22m[2m │ gzip:   0.33 kB[22m
[2mdist/[22m[36massets/mail-check-dZM07fi2.js            [39m[1m[2m  0.45 kB[22m[1m[22m[2m │ gzip:   0.32 kB[22m
[2mdist/[22m[36massets/send-2EcPV2TK.js                  [39m[1m[2m  0.46 kB[22m[1m[22m[2m │ gzip:   0.33 kB[22m
[2mdist/[22m[36massets/users-C95G-UFu.js                 [39m[1m[2m  0.47 kB[22m[1m[22m[2m │ gzip:   0.32 kB[22m
[2mdist/[22m[36massets/user-plus-Bvl2hmwK.js             [39m[1m[2m  0.47 kB[22m[1m[22m[2m │ gzip:   0.33 kB[22m
[2mdist/[22m[36massets/shield-check-BC8bIY3d.js          [39m[1m[2m  0.48 kB[22m[1m[22m[2m │ gzip:   0.35 kB[22m
[2mdist/[22m[36massets/refresh-cw-Ci-t_3om.js            [39m[1m[2m  0.48 kB[22m[1m[22m[2m │ gzip:   0.32 kB[22m
[2mdist/[22m[36massets/square-pen-CZIoAJfp.js            [39m[1m[2m  0.49 kB[22m[1m[22m[2m │ gzip:   0.34 kB[22m
[2mdist/[22m[36massets/useCurrencyFormatter-D-8G3yzW.js  [39m[1m[2m  0.49 kB[22m[1m[22m[2m │ gzip:   0.28 kB[22m
[2mdist/[22m[36massets/save-BKxgz5fl.js                  [39m[1m[2m  0.50 kB[22m[1m[22m[2m │ gzip:   0.33 kB[22m
[2mdist/[22m[36massets/file-text-C--v8x6E.js             [39m[1m[2m  0.50 kB[22m[1m[22m[2m │ gzip:   0.31 kB[22m
[2mdist/[22m[36massets/stethoscope-DN8Bz8vf.js           [39m[1m[2m  0.51 kB[22m[1m[22m[2m │ gzip:   0.33 kB[22m
[2mdist/[22m[36massets/shield-alert-_fFq45_i.js          [39m[1m[2m  0.52 kB[22m[1m[22m[2m │ gzip:   0.36 kB[22m
[2mdist/[22m[36massets/trash-2-C2pRyrMK.js               [39m[1m[2m  0.52 kB[22m[1m[22m[2m │ gzip:   0.35 kB[22m
[2mdist/[22m[36massets/calendar-plus-DhbuX-qr.js         [39m[1m[2m  0.52 kB[22m[1m[22m[2m │ gzip:   0.33 kB[22m
[2mdist/[22m[36massets/package-6v9imjUk.js               [39m[1m[2m  0.56 kB[22m[1m[22m[2m │ gzip:   0.36 kB[22m
[2mdist/[22m[36massets/file-pen-line-okcOckYu.js         [39m[1m[2m  0.56 kB[22m[1m[22m[2m │ gzip:   0.37 kB[22m
[2mdist/[22m[36massets/textarea-B4b7cuzQ.js              [39m[1m[2m  0.56 kB[22m[1m[22m[2m │ gzip:   0.35 kB[22m
[2mdist/[22m[36massets/phone-BTjLK4gY.js                 [39m[1m[2m  0.56 kB[22m[1m[22m[2m │ gzip:   0.36 kB[22m
[2mdist/[22m[36massets/eye-off-CthgU_Ce.js               [39m[1m[2m  0.59 kB[22m[1m[22m[2m │ gzip:   0.37 kB[22m
[2mdist/[22m[36massets/building-2-CIqJ2zdh.js            [39m[1m[2m  0.61 kB[22m[1m[22m[2m │ gzip:   0.34 kB[22m
[2mdist/[22m[36massets/input-nPLUxSbT.js                 [39m[1m[2m  0.66 kB[22m[1m[22m[2m │ gzip:   0.39 kB[22m
[2mdist/[22m[36massets/sparkles-D2aehUI9.js              [39m[1m[2m  0.68 kB[22m[1m[22m[2m │ gzip:   0.40 kB[22m
[2mdist/[22m[36massets/NotFound-DBia0MTG.js              [39m[1m[2m  0.75 kB[22m[1m[22m[2m │ gzip:   0.44 kB[22m
[2mdist/[22m[36massets/badge-CI_XDxD-.js                 [39m[1m[2m  0.75 kB[22m[1m[22m[2m │ gzip:   0.39 kB[22m
[2mdist/[22m[36massets/useOneTimeToken-DQAgjAoj.js       [39m[1m[2m  0.76 kB[22m[1m[22m[2m │ gzip:   0.41 kB[22m
[2mdist/[22m[36massets/referralsApi-1EjGIC37.js          [39m[1m[2m  0.83 kB[22m[1m[22m[2m │ gzip:   0.29 kB[22m
[2mdist/[22m[36massets/staffApi-CEsD7z7B.js              [39m[1m[2m  0.93 kB[22m[1m[22m[2m │ gzip:   0.48 kB[22m
[2mdist/[22m[36massets/alert-DvUljAdg.js                 [39m[1m[2m  0.96 kB[22m[1m[22m[2m │ gzip:   0.48 kB[22m
[2mdist/[22m[36massets/brain-circuit-DzU1hEjG.js         [39m[1m[2m  0.97 kB[22m[1m[22m[2m │ gzip:   0.50 kB[22m
[2mdist/[22m[36massets/label-8qyS4gl2.js                 [39m[1m[2m  0.99 kB[22m[1m[22m[2m │ gzip:   0.60 kB[22m
[2mdist/[22m[36massets/automationApi-CqfwrhXR.js         [39m[1m[2m  1.03 kB[22m[1m[22m[2m │ gzip:   0.38 kB[22m
[2mdist/[22m[36massets/card-BHklATno.js                  [39m[1m[2m  1.08 kB[22m[1m[22m[2m │ gzip:   0.42 kB[22m
[2mdist/[22m[36massets/useApiRequest-EFRpsItt.js         [39m[1m[2m  1.08 kB[22m[1m[22m[2m │ gzip:   0.56 kB[22m
[2mdist/[22m[36massets/separator-RJCqOTWx.js             [39m[1m[2m  1.10 kB[22m[1m[22m[2m │ gzip:   0.62 kB[22m
[2mdist/[22m[36massets/labsApi-C4xHYW4J.js               [39m[1m[2m  1.42 kB[22m[1m[22m[2m │ gzip:   0.56 kB[22m
[2mdist/[22m[36massets/clinic-BQqCJyKZ.js                [39m[1m[2m  1.45 kB[22m[1m[22m[2m │ gzip:   0.51 kB[22m
[2mdist/[22m[36massets/staff-Dyo5D9mY.js                 [39m[1m[2m  1.53 kB[22m[1m[22m[2m │ gzip:   0.64 kB[22m
[2mdist/[22m[36massets/table-CpqydCVx.js                 [39m[1m[2m  1.57 kB[22m[1m[22m[2m │ gzip:   0.56 kB[22m
[2mdist/[22m[36massets/patientApi-DQFNyxyX.js            [39m[1m[2m  2.13 kB[22m[1m[22m[2m │ gzip:   0.82 kB[22m
[2mdist/[22m[36massets/formatDistanceToNow-cpLhqkcm.js   [39m[1m[2m  2.14 kB[22m[1m[22m[2m │ gzip:   0.91 kB[22m
[2mdist/[22m[36massets/dialog-CLPP3DuG.js                [39m[1m[2m  2.23 kB[22m[1m[22m[2m │ gzip:   0.87 kB[22m
[2mdist/[22m[36massets/sheet-D2ARBFn7.js                 [39m[1m[2m  2.28 kB[22m[1m[22m[2m │ gzip:   0.90 kB[22m
[2mdist/[22m[36massets/ProductAvailability-CYFSbizW.js   [39m[1m[2m  2.44 kB[22m[1m[22m[2m │ gzip:   1.16 kB[22m
[2mdist/[22m[36massets/switch-BHYlXFYU.js                [39m[1m[2m  2.59 kB[22m[1m[22m[2m │ gzip:   1.29 kB[22m
[2mdist/[22m[36massets/reportsApi-ZGtUo_wV.js            [39m[1m[2m  2.65 kB[22m[1m[22m[2m │ gzip:   1.00 kB[22m
[2mdist/[22m[36massets/parseISO-BJilVacl.js              [39m[1m[2m  2.67 kB[22m[1m[22m[2m │ gzip:   1.18 kB[22m
[2mdist/[22m[36massets/tabs-BUYUcDUM.js                  [39m[1m[2m  3.30 kB[22m[1m[22m[2m │ gzip:   1.39 kB[22m
[2mdist/[22m[36massets/schedulingApi-MGiZlsF0.js         [39m[1m[2m  3.36 kB[22m[1m[22m[2m │ gzip:   1.24 kB[22m
[2mdist/[22m[36massets/VerifyEmail-BC7AlzjA.js           [39m[1m[2m  3.37 kB[22m[1m[22m[2m │ gzip:   1.22 kB[22m
[2mdist/[22m[36massets/dropdown-menu-B3wx2aoV.js         [39m[1m[2m  3.85 kB[22m[1m[22m[2m │ gzip:   1.14 kB[22m
[2mdist/[22m[36massets/Login-DCLxw0th.js                 [39m[1m[2m  3.86 kB[22m[1m[22m[2m │ gzip:   1.58 kB[22m
[2mdist/[22m[36massets/checkbox-E5wNgUy8.js              [39m[1m[2m  3.98 kB[22m[1m[22m[2m │ gzip:   1.76 kB[22m
[2mdist/[22m[36massets/ReferralHub-DBfyXTvW.js           [39m[1m[2m  4.05 kB[22m[1m[22m[2m │ gzip:   1.72 kB[22m
[2mdist/[22m[36massets/LabLogistics-Nyxp74OE.js          [39m[1m[2m  4.17 kB[22m[1m[22m[2m │ gzip:   1.75 kB[22m
[2mdist/[22m[36massets/ForgotPassword-CIr3bTPD.js        [39m[1m[2m  4.60 kB[22m[1m[22m[2m │ gzip:   1.57 kB[22m
[2mdist/[22m[36massets/BookingSuccess-BXvIxzAC.js        [39m[1m[2m  4.72 kB[22m[1m[22m[2m │ gzip:   1.82 kB[22m
[2mdist/[22m[36massets/alert-dialog-BFpuejcC.js          [39m[1m[2m  5.05 kB[22m[1m[22m[2m │ gzip:   1.86 kB[22m
[2mdist/[22m[36massets/DataMigration-DvsArONa.js         [39m[1m[2m  5.39 kB[22m[1m[22m[2m │ gzip:   1.94 kB[22m
[2mdist/[22m[36massets/Register-CUh_70NR.js              [39m[1m[2m  5.84 kB[22m[1m[22m[2m │ gzip:   2.00 kB[22m
[2mdist/[22m[36massets/SecurityCompliance-CJmViglF.js    [39m[1m[2m  6.37 kB[22m[1m[22m[2m │ gzip:   1.68 kB[22m
[2mdist/[22m[36massets/ForceChangePassword-Cgwgf5br.js   [39m[1m[2m  6.53 kB[22m[1m[22m[2m │ gzip:   2.22 kB[22m
[2mdist/[22m[36massets/billingApi-Doh_wx2J.js            [39m[1m[2m  7.39 kB[22m[1m[22m[2m │ gzip:   2.44 kB[22m
[2mdist/[22m[36massets/ResetPassword-3OQR5G2G.js         [39m[1m[2m  7.59 kB[22m[1m[22m[2m │ gzip:   2.33 kB[22m
[2mdist/[22m[36massets/EnterpriseHQ-C8qphs_o.js          [39m[1m[2m  7.60 kB[22m[1m[22m[2m │ gzip:   2.61 kB[22m
[2mdist/[22m[36massets/en-US-XrxtGoPx.js                 [39m[1m[2m  7.73 kB[22m[1m[22m[2m │ gzip:   2.71 kB[22m
[2mdist/[22m[36massets/AcceptInvitation-DoYZMhKx.js      [39m[1m[2m  9.15 kB[22m[1m[22m[2m │ gzip:   2.59 kB[22m
[2mdist/[22m[36massets/PatientList-CCUugbnt.js           [39m[1m[2m  9.17 kB[22m[1m[22m[2m │ gzip:   3.25 kB[22m
[2mdist/[22m[36massets/Dashboard-BuLcon50.js             [39m[1m[2m  9.44 kB[22m[1m[22m[2m │ gzip:   3.18 kB[22m
[2mdist/[22m[36massets/ImagingHub-BKGCuBRR.js            [39m[1m[2m 10.45 kB[22m[1m[22m[2m │ gzip:   3.40 kB[22m
[2mdist/[22m[36massets/Landing-D-6at2Yc.js               [39m[1m[2m 11.79 kB[22m[1m[22m[2m │ gzip:   3.05 kB[22m
[2mdist/[22m[36massets/ClinicalNotes-DT3Ti-5i.js         [39m[1m[2m 11.82 kB[22m[1m[22m[2m │ gzip:   3.60 kB[22m
[2mdist/[22m[36massets/format-DHyRvYR2.js                [39m[1m[2m 13.05 kB[22m[1m[22m[2m │ gzip:   3.47 kB[22m
[2mdist/[22m[36massets/OnlineBooking-DTVLMcbb.js         [39m[1m[2m 14.47 kB[22m[1m[22m[2m │ gzip:   4.29 kB[22m
[2mdist/[22m[36massets/Inventory-CQPI1oE4.js             [39m[1m[2m 15.15 kB[22m[1m[22m[2m │ gzip:   4.43 kB[22m
[2mdist/[22m[36massets/Payments-Dqez38Cf.js              [39m[1m[2m 15.27 kB[22m[1m[22m[2m │ gzip:   3.99 kB[22m
[2mdist/[22m[36massets/Subscriptions-CnrAGpUA.js         [39m[1m[2m 15.48 kB[22m[1m[22m[2m │ gzip:   4.68 kB[22m
[2mdist/[22m[36massets/Referrals-CvG90HVv.js             [39m[1m[2m 15.55 kB[22m[1m[22m[2m │ gzip:   3.93 kB[22m
[2mdist/[22m[36massets/index-CuktjbbI.js                 [39m[1m[2m 16.41 kB[22m[1m[22m[2m │ gzip:   5.17 kB[22m
[2mdist/[22m[36massets/DentalChart-Bhtvas8f.js           [39m[1m[2m 20.26 kB[22m[1m[22m[2m │ gzip:   5.80 kB[22m
[2mdist/[22m[36massets/Insurance-DKMwHeP8.js             [39m[1m[2m 20.56 kB[22m[1m[22m[2m │ gzip:   5.76 kB[22m
[2mdist/[22m[36massets/LabManagement-BhzVAqPu.js         [39m[1m[2m 21.82 kB[22m[1m[22m[2m │ gzip:   5.26 kB[22m
[2mdist/[22m[36massets/PatientDialog-DItdnrVd.js         [39m[1m[2m 22.55 kB[22m[1m[22m[2m │ gzip:   6.99 kB[22m
[2mdist/[22m[36massets/select-BGZSMDbW.js                [39m[1m[2m 23.43 kB[22m[1m[22m[2m │ gzip:   8.13 kB[22m
[2mdist/[22m[36massets/StaffManagement-D0e-hgE5.js       [39m[1m[2m 24.31 kB[22m[1m[22m[2m │ gzip:   6.74 kB[22m
[2mdist/[22m[36massets/Appointments-hb34d1S8.js          [39m[1m[2m 24.86 kB[22m[1m[22m[2m │ gzip:   6.01 kB[22m
[2mdist/[22m[36massets/Communications-CYkOXpUi.js        [39m[1m[2m 25.99 kB[22m[1m[22m[2m │ gzip:   6.14 kB[22m
[2mdist/[22m[36massets/zod-C6kU3sLa.js                   [39m[1m[2m 29.24 kB[22m[1m[22m[2m │ gzip:  10.73 kB[22m
[2mdist/[22m[36massets/Billing-3KB6hW_D.js               [39m[1m[2m 32.42 kB[22m[1m[22m[2m │ gzip:   8.07 kB[22m
[2mdist/[22m[36massets/TreatmentPlans-C0qnTLWN.js        [39m[1m[2m 32.87 kB[22m[1m[22m[2m │ gzip:   8.89 kB[22m
[2mdist/[22m[36massets/PatientPortal-B_Ro1oRP.js         [39m[1m[2m 35.58 kB[22m[1m[22m[2m │ gzip:   8.82 kB[22m
[2mdist/[22m[36massets/PublicBooking-BYmgYL6S.js         [39m[1m[2m 36.22 kB[22m[1m[22m[2m │ gzip:  11.59 kB[22m
[2mdist/[22m[36massets/Schedule-C0RKvXv_.js              [39m[1m[2m 37.35 kB[22m[1m[22m[2m │ gzip:   9.44 kB[22m
[2mdist/[22m[36massets/query-vendor-B8fc6Cxr.js          [39m[1m[2m 41.80 kB[22m[1m[22m[2m │ gzip:  12.66 kB[22m
[2mdist/[22m[36massets/calendar-RmCmqcZQ.js              [39m[1m[2m 42.43 kB[22m[1m[22m[2m │ gzip:  13.57 kB[22m
[2mdist/[22m[36massets/Settings-DyXfUG_E.js              [39m[1m[2m 53.07 kB[22m[1m[22m[2m │ gzip:  10.53 kB[22m
[2mdist/[22m[36massets/PatientProfile-sAjd_ynM.js        [39m[1m[2m 66.25 kB[22m[1m[22m[2m │ gzip:  20.83 kB[22m
[2mdist/[22m[36massets/ui-vendor-BWE9AHnZ.js             [39m[1m[2m 86.63 kB[22m[1m[22m[2m │ gzip:  28.33 kB[22m
[2mdist/[22m[36massets/proxy-aXYxS9LX.js                 [39m[1m[2m124.09 kB[22m[1m[22m[2m │ gzip:  40.56 kB[22m
[2mdist/[22m[36massets/react-vendor-kbyhsiP6.js          [39m[1m[2m181.33 kB[22m[1m[22m[2m │ gzip:  59.76 kB[22m
[2mdist/[22m[36massets/index-BTNc9hPo.js                 [39m[1m[2m213.58 kB[22m[1m[22m[2m │ gzip:  66.28 kB[22m
[2mdist/[22m[36massets/Reports-Bxh4Gw6D.js               [39m[1m[2m438.62 kB[22m[1m[22m[2m │ gzip: 118.27 kB[22m
[32m✓ built in 41.53s[39m

PWA v1.3.0
mode      generateSW
precache  149 entries (2059.84 KiB)
files generated
  dist/sw.js
  dist/workbox-250e2fb9.js
