app\core\task_queue.py:83: error: "None" has no attribute "get"  [attr-defined]
app\core\task_queue.py:98: error: "None" has no attribute "task_done"  [attr-defined]
app\core\task_queue.py:215: error: "def wrapper(*args: Any, **kwargs: Any) -> Any" has no attribute "func"  [attr-defined]
app\core\task_queue.py:216: error: "def wrapper(*args: Any, **kwargs: Any) -> Any" has no attribute "delay"  [attr-defined]
app\core\task_queue.py:217: error: "def wrapper(*args: Any, **kwargs: Any) -> Any" has no attribute "apply"  [attr-defined]
app\core\communication_tasks.py:208: error: "SMSService" has no attribute "send_email"  [attr-defined]
app\services\subscription_service.py:168: error: Module has no attribute "error"  [attr-defined]
app\services\subscription_service.py:252: error: Incompatible types (expression has type "Column[str]", TypedDict item "price" has type "str")  [typeddict-item]
app\services\subscription_service.py:256: error: Module has no attribute "error"  [attr-defined]
app\services\subscription_service.py:372: error: Module has no attribute "error"  [attr-defined]
app\services\subscription_service.py:389: error: Module has no attribute "error"  [attr-defined]
app\services\subscription_service.py:406: error: Module has no attribute "error"  [attr-defined]
app\services\subscription_billing.py:218: error: Module has no attribute "error"  [attr-defined]
app\services\payment_processing.py:112: error: Module has no attribute "error"  [attr-defined]
app\services\payment_processing.py:320: error: Module has no attribute "error"  [attr-defined]
app\services\payment_processing.py:586: error: Module has no attribute "error"  [attr-defined]
app\services\tenant_refs.py:72: error: "type[T]" has no attribute "id"  [attr-defined]
app\services\tenant_refs.py:73: error: "type[T]" has no attribute "practice_id"  [attr-defined]
app\api\v1\endpoints\subscriptions.py:135: error: Incompatible types (expression has type "str", TypedDict item "interval" has type "Literal['day', 'month', 'week', 'year']")  [typeddict-item]
app\api\v1\endpoints\stripe.py:157: error: Module has no attribute "error"  [attr-defined]
app\api\v1\endpoints\stripe.py:235: error: Module has no attribute "error"  [attr-defined]
app\api\v1\endpoints\billing.py:869: error: "Column[Any]" has no attribute "__iter__"; maybe "__str__"? (not iterable)  [attr-defined]
app\api\v1\endpoints\billing.py:1429: error: "Column[Any]" has no attribute "__iter__"; maybe "__str__"? (not iterable)  [attr-defined]
app\api\v1\endpoints\patient_portal.py:117: error: "Result[Any]" has no attribute "rowcount"  [attr-defined]
app\api\v1\endpoints\booking.py:2026: error: Invalid index type "str" for "dict[Never, Never]"; expected type "Never"  [index]
app\main.py:31: error: Signature of "add_fields" incompatible with supertype "pythonjsonlogger.jsonlogger.JsonFormatter"  [override]
app\main.py:31: note:      Superclass:
app\main.py:31: note:          def add_fields(self, log_record: dict[str, Any], record: LogRecord, message_dict: dict[str, Any]) -> None
app\main.py:31: note:      Subclass:
app\main.py:31: note:          def add_fields(self, record: Any, message: Any, extra: Any) -> Any
