INFO  [alembic.runtime.migration] Context impl SQLiteImpl.
INFO  [alembic.runtime.migration] Will assume non-transactional DDL.
INFO  [alembic.runtime.migration] Running upgrade  -> bb372b5f2d4a, baseline_schema
INFO  [alembic.runtime.migration] Running upgrade bb372b5f2d4a -> c4a1f9e2b007, audit_logs.entity_id nullable
INFO  [alembic.runtime.migration] Running upgrade c4a1f9e2b007 -> 68d3f2d3ac00, add_audit_log_write_once_trigger
INFO  [alembic.runtime.migration] Running upgrade 68d3f2d3ac00 -> 7f3c8a1d2e4b, add patient encrypted-field search indexes
INFO  [alembic.runtime.migration] Running upgrade 7f3c8a1d2e4b -> a3c4e5f60718, add clinical-note SOAP columns and note-type enum members
INFO  [alembic.runtime.migration] Running upgrade a3c4e5f60718 -> b7d2e9c1a410, email verification expiry + enforcement grandfathering
INFO  [alembic.runtime.migration] Running upgrade b7d2e9c1a410 -> c8f1a6d3b527, billing ledger hardening: invoice tax_rate, payment refunds, unique txn
INFO  [alembic.runtime.migration] Running upgrade c8f1a6d3b527 -> d9a3b7e2c618, unique per-practice patient contact indexes (dedup race guard)
INFO  [alembic.runtime.migration] Running upgrade d9a3b7e2c618 -> e1b4c8d5a926, staff onboarding: must_change_password flag + staff_invitations table
INFO  [alembic.runtime.migration] Running upgrade e1b4c8d5a926 -> f2c5d7e8b930, tenant scoped unique constraints and carrier/referral fields
INFO  [alembic.runtime.migration] Running upgrade f2c5d7e8b930 -> abcd1234aa01, referral_sources soft-delete columns
INFO  [alembic.runtime.migration] Running upgrade abcd1234aa01 -> b8e4f6a2c9d7, reminder uniqueness + image share expiry
INFO  [alembic.runtime.migration] Running upgrade b8e4f6a2c9d7 -> c7d8e9f0a1b2, schema sync: additive drift repair (models vs migrated DB)
INFO  [alembic.runtime.migration] Running upgrade c7d8e9f0a1b2 -> d9e0f1a2b3c4, index coverage: add missing FK indexes
INFO  [alembic.runtime.migration] Running upgrade d9e0f1a2b3c4 -> e5a1c3f7d284, processor webhook event ledger + unique processor_transaction_id
INFO  [alembic.runtime.migration] Running upgrade e5a1c3f7d284 -> f6b2d4e8a391, claim submission idempotency + submitting/failed claim statuses
INFO  [alembic.runtime.migration] Running upgrade f6b2d4e8a391 -> a1c9e5b73f60, durable access-token revocation table
INFO  [alembic.runtime.migration] Running upgrade a1c9e5b73f60 -> b7d4f8c2e901, make Stripe subscription identity durable and race-safe
INFO  [alembic.runtime.migration] Running upgrade b7d4f8c2e901 -> c9f2a6d8e104, make reminder and patient-message delivery claims durable
INFO  [alembic.runtime.migration] Running upgrade c9f2a6d8e104 -> e8b7d4c1a5f2, daily summary delivery outbox
INFO  [alembic.runtime.migration] Running upgrade e8b7d4c1a5f2 -> f4a9c2d7e631, add idempotent lab invoice payment ledger
INFO  [alembic.runtime.migration] Running upgrade f4a9c2d7e631 -> b7e3a1d9c842, add bounded refresh-token overlap fields
INFO  [alembic.runtime.migration] Running upgrade b7e3a1d9c842 -> d3c8f1a6b529, add fenced daily-summary delivery claims
INFO  [alembic.runtime.migration] Running upgrade d3c8f1a6b529 -> a7f3e2c1d854, add npi columns to users and practices
INFO  [alembic.runtime.migration] Running upgrade a7f3e2c1d854 -> f1a3c5e7d9b2, drop dead email_verification_token_hash columns
INFO  [alembic.runtime.migration] Running upgrade f1a3c5e7d9b2 -> a1b2c3d4e5f6, add persistent portal identity lockout table
INFO  [alembic.runtime.migration] Running upgrade a1b2c3d4e5f6 -> b2c3d4e5f6a7, add single-use refresh-token overlap guard
INFO  [alembic.runtime.migration] Running upgrade b2c3d4e5f6a7 -> c3d4e5f6a7b8, add immediate email-verification requirement flag
INFO  [alembic.runtime.migration] Running upgrade c3d4e5f6a7b8 -> d4e5f6a7b8c9, link payment_transactions to the invoice-ledger payments
INFO  [alembic.runtime.migration] Running upgrade d4e5f6a7b8c9 -> e6f7a8b9c0d1, practice-scoped public booking slugs
INFO  [alembic.runtime.migration] Running upgrade e6f7a8b9c0d1 -> f8c9d2e3a4b5, booking email verification token hash
INFO  [alembic.runtime.migration] Running upgrade f8c9d2e3a4b5 -> a9d3e4f5b6c7, appointment cancellation_reason column
INFO  [alembic.runtime.migration] Running upgrade a9d3e4f5b6c7 -> c8d4f7e2a6b1, patient portal multi-session table
INFO  [alembic.runtime.migration] Running upgrade c8d4f7e2a6b1 -> f3a4b5c6d7e8, scope financial uniques per practice (L-1/L-2)
INFO  [alembic.runtime.migration] Running upgrade f3a4b5c6d7e8 -> e7f8a9b0c1d2, portal magic-link access codes (Option A inbox proof)
No schema drift: every model column exists in the migrated database.
