
> coredent-pms@1.0.0 build:prod
> vite build --mode production

[36mvite v6.4.3 [32mbuilding for production...[36m[39m
transforming...
Browserslist: browsers data (caniuse-lite) is 6 months old. Please run:
  npx update-browserslist-db@latest
  Why you should do it regularly: https://github.com/browserslist/update-db#readme
[32m✓[39m 3976 modules transformed.
rendering chunks...
computing gzip size...
[2mdist/[22m[32mregisterSW.js                            [39m[1m[2m  0.13 kB[22m[1m[22m
[2mdist/[22m[32mmanifest.webmanifest                     [39m[1m[2m  0.41 kB[22m[1m[22m
[2mdist/[22m[32mindex.html                               [39m[1m[2m  1.77 kB[22m[1m[22m[2m │ gzip:   0.78 kB[22m
[2mdist/[22m[35massets/index-DaB4e85y.css                [39m[1m[2m112.44 kB[22m[1m[22m[2m │ gzip:  18.32 kB[22m
[2mdist/[22m[36massets/subDays-D8lAArzq.js               [39m[1m[2m  0.09 kB[22m[1m[22m[2m │ gzip:   0.10 kB[22m
[2mdist/[22m[36massets/startOfMonth-4AaCEmtU.js          [39m[1m[2m  0.13 kB[22m[1m[22m[2m │ gzip:   0.13 kB[22m
[2mdist/[22m[36massets/compareAsc-DRjmURrI.js            [39m[1m[2m  0.14 kB[22m[1m[22m[2m │ gzip:   0.14 kB[22m
[2mdist/[22m[36massets/addDays-CMtNNm11.js               [39m[1m[2m  0.15 kB[22m[1m[22m[2m │ gzip:   0.15 kB[22m
[2mdist/[22m[36massets/skeleton-B_xcV5Gs.js              [39m[1m[2m  0.21 kB[22m[1m[22m[2m │ gzip:   0.18 kB[22m
[2mdist/[22m[36massets/apiResponse-CV03L-9j.js           [39m[1m[2m  0.22 kB[22m[1m[22m[2m │ gzip:   0.16 kB[22m
[2mdist/[22m[36massets/endOfMonth-BJ_Fknaa.js            [39m[1m[2m  0.29 kB[22m[1m[22m[2m │ gzip:   0.20 kB[22m
[2mdist/[22m[36massets/chevron-left-DpgfYvVW.js          [39m[1m[2m  0.29 kB[22m[1m[22m[2m │ gzip:   0.25 kB[22m
[2mdist/[22m[36massets/chevron-right-CFECq5A5.js         [39m[1m[2m  0.29 kB[22m[1m[22m[2m │ gzip:   0.24 kB[22m
[2mdist/[22m[36massets/plus-CvuDUbAt.js                  [39m[1m[2m  0.32 kB[22m[1m[22m[2m │ gzip:   0.25 kB[22m
[2mdist/[22m[36massets/arrow-left-Rk5oBgT1.js            [39m[1m[2m  0.33 kB[22m[1m[22m[2m │ gzip:   0.26 kB[22m
[2mdist/[22m[36massets/arrow-right-BjYHKeqd.js           [39m[1m[2m  0.33 kB[22m[1m[22m[2m │ gzip:   0.26 kB[22m
[2mdist/[22m[36massets/search-rNMMo8Ht.js                [39m[1m[2m  0.34 kB[22m[1m[22m[2m │ gzip:   0.27 kB[22m
[2mdist/[22m[36massets/circle-check-COYPGXFP.js          [39m[1m[2m  0.35 kB[22m[1m[22m[2m │ gzip:   0.27 kB[22m
[2mdist/[22m[36massets/clock-CkrwcTpI.js                 [39m[1m[2m  0.35 kB[22m[1m[22m[2m │ gzip:   0.28 kB[22m
[2mdist/[22m[36massets/circle-check-big-B2TPuDiq.js      [39m[1m[2m  0.36 kB[22m[1m[22m[2m │ gzip:   0.28 kB[22m
[2mdist/[22m[36massets/user-BxYjX0vJ.js                  [39m[1m[2m  0.36 kB[22m[1m[22m[2m │ gzip:   0.28 kB[22m
[2mdist/[22m[36massets/trending-up-DzHHKVIV.js           [39m[1m[2m  0.37 kB[22m[1m[22m[2m │ gzip:   0.28 kB[22m
[2mdist/[22m[36massets/lock-C8FSpBAL.js                  [39m[1m[2m  0.37 kB[22m[1m[22m[2m │ gzip:   0.29 kB[22m
[2mdist/[22m[36massets/circle-x-D0uzRvwT.js              [39m[1m[2m  0.37 kB[22m[1m[22m[2m │ gzip:   0.28 kB[22m
[2mdist/[22m[36massets/credit-card-DYsj6zJ7.js           [39m[1m[2m  0.37 kB[22m[1m[22m[2m │ gzip:   0.29 kB[22m
[2mdist/[22m[36massets/mail-B-rLqsqV.js                  [39m[1m[2m  0.38 kB[22m[1m[22m[2m │ gzip:   0.30 kB[22m
[2mdist/[22m[36massets/pill-o3C-sS4E.js                  [39m[1m[2m  0.38 kB[22m[1m[22m[2m │ gzip:   0.29 kB[22m
[2mdist/[22m[36massets/dollar-sign-B7Z7eY_D.js           [39m[1m[2m  0.38 kB[22m[1m[22m[2m │ gzip:   0.30 kB[22m
[2mdist/[22m[36massets/ellipsis-DKUwHTWc.js              [39m[1m[2m  0.40 kB[22m[1m[22m[2m │ gzip:   0.27 kB[22m
[2mdist/[22m[36massets/activity-DzeBcgDg.js              [39m[1m[2m  0.40 kB[22m[1m[22m[2m │ gzip:   0.30 kB[22m
[2mdist/[22m[36massets/circle-alert-CyON0bUi.js          [39m[1m[2m  0.41 kB[22m[1m[22m[2m │ gzip:   0.29 kB[22m
[2mdist/[22m[36massets/heart-DMoh3QLY.js                 [39m[1m[2m  0.41 kB[22m[1m[22m[2m │ gzip:   0.32 kB[22m
[2mdist/[22m[36massets/calendar-BPN9DTPZ.js              [39m[1m[2m  0.42 kB[22m[1m[22m[2m │ gzip:   0.30 kB[22m
[2mdist/[22m[36massets/upload-uY5bNY6J.js                [39m[1m[2m  0.42 kB[22m[1m[22m[2m │ gzip:   0.32 kB[22m
[2mdist/[22m[36massets/eye-Bu1QK5Ju.js                   [39m[1m[2m  0.43 kB[22m[1m[22m[2m │ gzip:   0.31 kB[22m
[2mdist/[22m[36massets/map-pin-BybimRE_.js               [39m[1m[2m  0.43 kB[22m[1m[22m[2m │ gzip:   0.32 kB[22m
[2mdist/[22m[36massets/zap-Bd62X8ur.js                   [39m[1m[2m  0.43 kB[22m[1m[22m[2m │ gzip:   0.31 kB[22m
[2mdist/[22m[36massets/image-B9Rc84Hx.js                 [39m[1m[2m  0.43 kB[22m[1m[22m[2m │ gzip:   0.32 kB[22m
[2mdist/[22m[36massets/shield-DftgNZp3.js                [39m[1m[2m  0.44 kB[22m[1m[22m[2m │ gzip:   0.33 kB[22m
[2mdist/[22m[36massets/pen-line-C5RULb04.js              [39m[1m[2m  0.44 kB[22m[1m[22m[2m │ gzip:   0.33 kB[22m
[2mdist/[22m[36massets/pencil-DH-4tj77.js                [39m[1m[2m  0.45 kB[22m[1m[22m[2m │ gzip:   0.33 kB[22m
[2mdist/[22m[36massets/mail-check-CdA1_e-J.js            [39m[1m[2m  0.45 kB[22m[1m[22m[2m │ gzip:   0.33 kB[22m
[2mdist/[22m[36massets/send-Ckj6CtoB.js                  [39m[1m[2m  0.46 kB[22m[1m[22m[2m │ gzip:   0.34 kB[22m
[2mdist/[22m[36massets/users-PbmadEps.js                 [39m[1m[2m  0.47 kB[22m[1m[22m[2m │ gzip:   0.33 kB[22m
[2mdist/[22m[36massets/user-plus-BvnpHkE6.js             [39m[1m[2m  0.47 kB[22m[1m[22m[2m │ gzip:   0.33 kB[22m
[2mdist/[22m[36massets/shield-check-Blis6Ko8.js          [39m[1m[2m  0.48 kB[22m[1m[22m[2m │ gzip:   0.35 kB[22m
[2mdist/[22m[36massets/refresh-cw-i8nIoxRh.js            [39m[1m[2m  0.48 kB[22m[1m[22m[2m │ gzip:   0.32 kB[22m
[2mdist/[22m[36massets/square-pen-CEdikJFR.js            [39m[1m[2m  0.49 kB[22m[1m[22m[2m │ gzip:   0.34 kB[22m
[2mdist/[22m[36massets/useCurrencyFormatter-fxM5zIbo.js  [39m[1m[2m  0.49 kB[22m[1m[22m[2m │ gzip:   0.28 kB[22m
[2mdist/[22m[36massets/save-DZoh6_ys.js                  [39m[1m[2m  0.50 kB[22m[1m[22m[2m │ gzip:   0.33 kB[22m
[2mdist/[22m[36massets/file-text-BuBE5uBB.js             [39m[1m[2m  0.50 kB[22m[1m[22m[2m │ gzip:   0.32 kB[22m
[2mdist/[22m[36massets/stethoscope-CRQ1z3GC.js           [39m[1m[2m  0.51 kB[22m[1m[22m[2m │ gzip:   0.34 kB[22m
[2mdist/[22m[36massets/shield-alert-CAMY13lW.js          [39m[1m[2m  0.52 kB[22m[1m[22m[2m │ gzip:   0.36 kB[22m
[2mdist/[22m[36massets/trash-2-_uQ-avsp.js               [39m[1m[2m  0.52 kB[22m[1m[22m[2m │ gzip:   0.35 kB[22m
[2mdist/[22m[36massets/calendar-plus-DqHpu5jY.js         [39m[1m[2m  0.52 kB[22m[1m[22m[2m │ gzip:   0.33 kB[22m
[2mdist/[22m[36massets/package-DjYQ1xoT.js               [39m[1m[2m  0.56 kB[22m[1m[22m[2m │ gzip:   0.36 kB[22m
[2mdist/[22m[36massets/file-pen-line-xkT6-46e.js         [39m[1m[2m  0.56 kB[22m[1m[22m[2m │ gzip:   0.37 kB[22m
[2mdist/[22m[36massets/textarea-2Rxs0x_8.js              [39m[1m[2m  0.56 kB[22m[1m[22m[2m │ gzip:   0.36 kB[22m
[2mdist/[22m[36massets/phone-B-9YivGs.js                 [39m[1m[2m  0.56 kB[22m[1m[22m[2m │ gzip:   0.36 kB[22m
[2mdist/[22m[36massets/eye-off-CyrRDuSG.js               [39m[1m[2m  0.59 kB[22m[1m[22m[2m │ gzip:   0.37 kB[22m
[2mdist/[22m[36massets/building-2-Dn8O-6Hu.js            [39m[1m[2m  0.61 kB[22m[1m[22m[2m │ gzip:   0.35 kB[22m
[2mdist/[22m[36massets/input-RisRogZW.js                 [39m[1m[2m  0.66 kB[22m[1m[22m[2m │ gzip:   0.39 kB[22m
[2mdist/[22m[36massets/sparkles-BjoqM_kA.js              [39m[1m[2m  0.68 kB[22m[1m[22m[2m │ gzip:   0.40 kB[22m
[2mdist/[22m[36massets/NotFound-C8IXclOp.js              [39m[1m[2m  0.75 kB[22m[1m[22m[2m │ gzip:   0.44 kB[22m
[2mdist/[22m[36massets/badge-Hai23v4i.js                 [39m[1m[2m  0.75 kB[22m[1m[22m[2m │ gzip:   0.39 kB[22m
[2mdist/[22m[36massets/useOneTimeToken-DQAgjAoj.js       [39m[1m[2m  0.76 kB[22m[1m[22m[2m │ gzip:   0.41 kB[22m
[2mdist/[22m[36massets/referralsApi-DGuRwYKT.js          [39m[1m[2m  0.83 kB[22m[1m[22m[2m │ gzip:   0.30 kB[22m
[2mdist/[22m[36massets/staffApi-CYhlMpXj.js              [39m[1m[2m  0.93 kB[22m[1m[22m[2m │ gzip:   0.48 kB[22m
[2mdist/[22m[36massets/alert-Bz7TEydf.js                 [39m[1m[2m  0.96 kB[22m[1m[22m[2m │ gzip:   0.49 kB[22m
[2mdist/[22m[36massets/brain-circuit-C4Yjp807.js         [39m[1m[2m  0.97 kB[22m[1m[22m[2m │ gzip:   0.51 kB[22m
[2mdist/[22m[36massets/label-M4RtvOMk.js                 [39m[1m[2m  0.99 kB[22m[1m[22m[2m │ gzip:   0.60 kB[22m
[2mdist/[22m[36massets/automationApi-PskfLiDP.js         [39m[1m[2m  1.03 kB[22m[1m[22m[2m │ gzip:   0.38 kB[22m
[2mdist/[22m[36massets/card-C9sJtiIc.js                  [39m[1m[2m  1.08 kB[22m[1m[22m[2m │ gzip:   0.42 kB[22m
[2mdist/[22m[36massets/useApiRequest-DZWyceGr.js         [39m[1m[2m  1.08 kB[22m[1m[22m[2m │ gzip:   0.56 kB[22m
[2mdist/[22m[36massets/separator-BcC1cMwR.js             [39m[1m[2m  1.10 kB[22m[1m[22m[2m │ gzip:   0.62 kB[22m
[2mdist/[22m[36massets/labsApi-C-uUmEmA.js               [39m[1m[2m  1.42 kB[22m[1m[22m[2m │ gzip:   0.56 kB[22m
[2mdist/[22m[36massets/clinic-BQqCJyKZ.js                [39m[1m[2m  1.45 kB[22m[1m[22m[2m │ gzip:   0.51 kB[22m
[2mdist/[22m[36massets/staff-BFpktpjq.js                 [39m[1m[2m  1.53 kB[22m[1m[22m[2m │ gzip:   0.64 kB[22m
[2mdist/[22m[36massets/table-By8h8Pie.js                 [39m[1m[2m  1.57 kB[22m[1m[22m[2m │ gzip:   0.56 kB[22m
[2mdist/[22m[36massets/patientApi-cOrr9GS7.js            [39m[1m[2m  2.13 kB[22m[1m[22m[2m │ gzip:   0.82 kB[22m
[2mdist/[22m[36massets/formatDistanceToNow-cpLhqkcm.js   [39m[1m[2m  2.14 kB[22m[1m[22m[2m │ gzip:   0.91 kB[22m
[2mdist/[22m[36massets/dialog-42yLS9Ex.js                [39m[1m[2m  2.23 kB[22m[1m[22m[2m │ gzip:   0.87 kB[22m
[2mdist/[22m[36massets/sheet-Fr4bEOK3.js                 [39m[1m[2m  2.28 kB[22m[1m[22m[2m │ gzip:   0.90 kB[22m
[2mdist/[22m[36massets/ProductAvailability-D0r1YJeP.js   [39m[1m[2m  2.44 kB[22m[1m[22m[2m │ gzip:   1.16 kB[22m
[2mdist/[22m[36massets/reportsApi-B_ydR9Lx.js            [39m[1m[2m  2.50 kB[22m[1m[22m[2m │ gzip:   0.90 kB[22m
[2mdist/[22m[36massets/switch-Blz3Jc2-.js                [39m[1m[2m  2.59 kB[22m[1m[22m[2m │ gzip:   1.29 kB[22m
[2mdist/[22m[36massets/parseISO-BJilVacl.js              [39m[1m[2m  2.67 kB[22m[1m[22m[2m │ gzip:   1.18 kB[22m
[2mdist/[22m[36massets/tabs-Dxm6mH_s.js                  [39m[1m[2m  3.30 kB[22m[1m[22m[2m │ gzip:   1.40 kB[22m
[2mdist/[22m[36massets/schedulingApi-oOaUJhJr.js         [39m[1m[2m  3.36 kB[22m[1m[22m[2m │ gzip:   1.24 kB[22m
[2mdist/[22m[36massets/VerifyEmail-Dx0qVMEb.js           [39m[1m[2m  3.37 kB[22m[1m[22m[2m │ gzip:   1.22 kB[22m
[2mdist/[22m[36massets/dropdown-menu-UtuCX6Bm.js         [39m[1m[2m  3.85 kB[22m[1m[22m[2m │ gzip:   1.15 kB[22m
[2mdist/[22m[36massets/Login-BxKhKMvm.js                 [39m[1m[2m  3.86 kB[22m[1m[22m[2m │ gzip:   1.59 kB[22m
[2mdist/[22m[36massets/checkbox-CZlx9Apc.js              [39m[1m[2m  3.98 kB[22m[1m[22m[2m │ gzip:   1.76 kB[22m
[2mdist/[22m[36massets/ReferralHub-D4r1el-v.js           [39m[1m[2m  4.05 kB[22m[1m[22m[2m │ gzip:   1.72 kB[22m
[2mdist/[22m[36massets/LabLogistics-B6HDKW6r.js          [39m[1m[2m  4.17 kB[22m[1m[22m[2m │ gzip:   1.75 kB[22m
[2mdist/[22m[36massets/ForgotPassword-CzUNdSFL.js        [39m[1m[2m  4.60 kB[22m[1m[22m[2m │ gzip:   1.57 kB[22m
[2mdist/[22m[36massets/BookingSuccess-Czw-sM_3.js        [39m[1m[2m  4.72 kB[22m[1m[22m[2m │ gzip:   1.82 kB[22m
[2mdist/[22m[36massets/alert-dialog-BNn8MAKr.js          [39m[1m[2m  5.05 kB[22m[1m[22m[2m │ gzip:   1.87 kB[22m
[2mdist/[22m[36massets/DataMigration-Cx-lngIo.js         [39m[1m[2m  5.39 kB[22m[1m[22m[2m │ gzip:   1.94 kB[22m
[2mdist/[22m[36massets/Register-Ba2XkFT2.js              [39m[1m[2m  5.84 kB[22m[1m[22m[2m │ gzip:   2.00 kB[22m
[2mdist/[22m[36massets/SecurityCompliance-sEa8MaNz.js    [39m[1m[2m  6.37 kB[22m[1m[22m[2m │ gzip:   1.68 kB[22m
[2mdist/[22m[36massets/ForceChangePassword-apgBl5bf.js   [39m[1m[2m  6.53 kB[22m[1m[22m[2m │ gzip:   2.22 kB[22m
[2mdist/[22m[36massets/billingApi-RvGjt-yc.js            [39m[1m[2m  7.39 kB[22m[1m[22m[2m │ gzip:   2.44 kB[22m
[2mdist/[22m[36massets/ResetPassword-DtffhC1r.js         [39m[1m[2m  7.59 kB[22m[1m[22m[2m │ gzip:   2.33 kB[22m
[2mdist/[22m[36massets/EnterpriseHQ-rfwxKEM0.js          [39m[1m[2m  7.60 kB[22m[1m[22m[2m │ gzip:   2.61 kB[22m
[2mdist/[22m[36massets/en-US-XrxtGoPx.js                 [39m[1m[2m  7.73 kB[22m[1m[22m[2m │ gzip:   2.71 kB[22m
[2mdist/[22m[36massets/AcceptInvitation--bU1ePn0.js      [39m[1m[2m  9.15 kB[22m[1m[22m[2m │ gzip:   2.59 kB[22m
[2mdist/[22m[36massets/PatientList-DiFY2t89.js           [39m[1m[2m  9.17 kB[22m[1m[22m[2m │ gzip:   3.24 kB[22m
[2mdist/[22m[36massets/Dashboard-CwWMGuXN.js             [39m[1m[2m  9.44 kB[22m[1m[22m[2m │ gzip:   3.18 kB[22m
[2mdist/[22m[36massets/ImagingHub-TDLSXQtY.js            [39m[1m[2m 10.45 kB[22m[1m[22m[2m │ gzip:   3.40 kB[22m
[2mdist/[22m[36massets/Landing-Bo8s0oaF.js               [39m[1m[2m 11.79 kB[22m[1m[22m[2m │ gzip:   3.05 kB[22m
[2mdist/[22m[36massets/ClinicalNotes-B1hWZrSu.js         [39m[1m[2m 11.82 kB[22m[1m[22m[2m │ gzip:   3.60 kB[22m
[2mdist/[22m[36massets/format-DHyRvYR2.js                [39m[1m[2m 13.05 kB[22m[1m[22m[2m │ gzip:   3.47 kB[22m
[2mdist/[22m[36massets/OnlineBooking-DSCC5bsN.js         [39m[1m[2m 14.47 kB[22m[1m[22m[2m │ gzip:   4.29 kB[22m
[2mdist/[22m[36massets/Inventory-BUxnswtL.js             [39m[1m[2m 15.15 kB[22m[1m[22m[2m │ gzip:   4.43 kB[22m
[2mdist/[22m[36massets/Payments-Cvgl2dnT.js              [39m[1m[2m 15.27 kB[22m[1m[22m[2m │ gzip:   3.99 kB[22m
[2mdist/[22m[36massets/Subscriptions-CdjMbtla.js         [39m[1m[2m 15.48 kB[22m[1m[22m[2m │ gzip:   4.68 kB[22m
[2mdist/[22m[36massets/Referrals-0wBd-59L.js             [39m[1m[2m 15.55 kB[22m[1m[22m[2m │ gzip:   3.93 kB[22m
[2mdist/[22m[36massets/index-CuktjbbI.js                 [39m[1m[2m 16.41 kB[22m[1m[22m[2m │ gzip:   5.17 kB[22m
[2mdist/[22m[36massets/DentalChart-KNRas5Un.js           [39m[1m[2m 20.26 kB[22m[1m[22m[2m │ gzip:   5.81 kB[22m
[2mdist/[22m[36massets/Insurance-BJr7fHAv.js             [39m[1m[2m 20.56 kB[22m[1m[22m[2m │ gzip:   5.76 kB[22m
[2mdist/[22m[36massets/LabManagement-B9pglPFe.js         [39m[1m[2m 21.82 kB[22m[1m[22m[2m │ gzip:   5.25 kB[22m
[2mdist/[22m[36massets/PatientDialog-Cr_bd0DN.js         [39m[1m[2m 22.46 kB[22m[1m[22m[2m │ gzip:   6.95 kB[22m
[2mdist/[22m[36massets/select-DNlJNSbQ.js                [39m[1m[2m 23.43 kB[22m[1m[22m[2m │ gzip:   8.13 kB[22m
[2mdist/[22m[36massets/StaffManagement-Dta8u5nE.js       [39m[1m[2m 24.31 kB[22m[1m[22m[2m │ gzip:   6.73 kB[22m
[2mdist/[22m[36massets/Communications-CqlGp_Lr.js        [39m[1m[2m 24.37 kB[22m[1m[22m[2m │ gzip:   5.72 kB[22m
[2mdist/[22m[36massets/Appointments-DBL6OcK1.js          [39m[1m[2m 24.86 kB[22m[1m[22m[2m │ gzip:   6.01 kB[22m
[2mdist/[22m[36massets/zod-C6kU3sLa.js                   [39m[1m[2m 29.24 kB[22m[1m[22m[2m │ gzip:  10.73 kB[22m
[2mdist/[22m[36massets/Billing-st852H24.js               [39m[1m[2m 32.34 kB[22m[1m[22m[2m │ gzip:   8.01 kB[22m
[2mdist/[22m[36massets/PatientPortal-5JzRMfaA.js         [39m[1m[2m 32.78 kB[22m[1m[22m[2m │ gzip:   8.21 kB[22m
[2mdist/[22m[36massets/TreatmentPlans-BwLrLThO.js        [39m[1m[2m 32.87 kB[22m[1m[22m[2m │ gzip:   8.89 kB[22m
[2mdist/[22m[36massets/PublicBooking-BxVt7Ljy.js         [39m[1m[2m 36.07 kB[22m[1m[22m[2m │ gzip:  11.55 kB[22m
[2mdist/[22m[36massets/Schedule-6aoCU0Gb.js              [39m[1m[2m 37.30 kB[22m[1m[22m[2m │ gzip:   9.39 kB[22m
[2mdist/[22m[36massets/query-vendor-B8fc6Cxr.js          [39m[1m[2m 41.80 kB[22m[1m[22m[2m │ gzip:  12.66 kB[22m
[2mdist/[22m[36massets/calendar-CSImnRNp.js              [39m[1m[2m 42.43 kB[22m[1m[22m[2m │ gzip:  13.57 kB[22m
[2mdist/[22m[36massets/Settings-Bv71GyAh.js              [39m[1m[2m 53.07 kB[22m[1m[22m[2m │ gzip:  10.53 kB[22m
[2mdist/[22m[36massets/PatientProfile-CO3qEqVV.js        [39m[1m[2m 66.25 kB[22m[1m[22m[2m │ gzip:  20.83 kB[22m
[2mdist/[22m[36massets/ui-vendor-BWE9AHnZ.js             [39m[1m[2m 86.63 kB[22m[1m[22m[2m │ gzip:  28.33 kB[22m
[2mdist/[22m[36massets/proxy-aXYxS9LX.js                 [39m[1m[2m124.09 kB[22m[1m[22m[2m │ gzip:  40.56 kB[22m
[2mdist/[22m[36massets/react-vendor-kbyhsiP6.js          [39m[1m[2m181.33 kB[22m[1m[22m[2m │ gzip:  59.76 kB[22m
[2mdist/[22m[36massets/index-BJFfOAUM.js                 [39m[1m[2m212.91 kB[22m[1m[22m[2m │ gzip:  66.07 kB[22m
[2mdist/[22m[36massets/Reports-Cq7bN7r2.js               [39m[1m[2m438.62 kB[22m[1m[22m[2m │ gzip: 118.27 kB[22m
[32m✓ built in 1m 7s[39m

PWA v1.3.0
mode      generateSW
precache  149 entries (2054.35 KiB)
files generated
  dist/sw.js
  dist/workbox-250e2fb9.js
